- The project is out-of-sync -- use `renv::status()` for details.

── 02_import_hses.R ────────────────────────────────────────────────────────────
ℹ Олдсон файл: 15 / 15
→ [2020/basicvars] унш: basicvars (11).dta
→ [2021/basicvars] унш: basicvars (12).dta
→ [2022/basicvars] унш: basicvars (13).dta
→ [2023/basicvars] унш: basicvars (14).dta
→ [2024/basicvars] унш: basicvars.dta
→ [2020/hhold] унш: 01_hhold (11).dta
→ [2021/hhold] унш: 01_hhold (12).dta
→ [2022/hhold] унш: 01_hhold (13).dta
→ [2023/hhold] унш: 01_hhold (14).dta
→ [2024/hhold] унш: 01_hhold.dta
→ [2020/indiv] унш: 02_indiv (12).dta
→ [2021/indiv] унш: 02_indiv (13).dta
→ [2022/indiv] унш: 02_indiv (14).dta
→ [2023/indiv] унш: 02_indiv (15).dta
→ [2024/indiv] унш: 02_indiv.dta
ℹ Inventory: 1272 variable-rows from 5 waves × 3 files

── Key variable presence (T = байгаа): ──

# A tibble: 35 × 13
   var_name label        w2020_basicvars w2020_indiv w2021_basicvars w2021_indiv
   <chr>    <chr>        <lgl>           <lgl>       <lgl>           <lgl>      
 1 q0436a   4.36 [НЭР] … FALSE           TRUE        FALSE           FALSE      
 2 q0436a   4.36 [НЭР] … FALSE           FALSE       FALSE           TRUE       
 3 q0436b   4.36 [НЭР] … FALSE           TRUE        FALSE           FALSE      
 4 q0436b   4.36 [НЭР] … FALSE           FALSE       FALSE           TRUE       
 5 q0437    4.37 [НЭР] … FALSE           TRUE        FALSE           TRUE       
 6 q0438    4.38 [НЭР] … FALSE           TRUE        FALSE           FALSE      
 7 q0438    4.38 [НЭР] … FALSE           FALSE       FALSE           TRUE       
 8 q0439    4.39 [НЭР] … FALSE           TRUE        FALSE           FALSE      
 9 q0439    4.39 [НЭР] … FALSE           FALSE       FALSE           TRUE       
10 q0427    4.27 [НЭР] … FALSE           TRUE        FALSE           FALSE      
11 q0427    4.27 [НЭР] … FALSE           FALSE       FALSE           TRUE       
12 q0414    4.14 Сүүлий… FALSE           TRUE        FALSE           FALSE      
13 q0414    4.14 Сүүлий… FALSE           FALSE       FALSE           TRUE       
14 q0118a   1.18 [НЭР] … FALSE           TRUE        FALSE           FALSE      
15 q0118a   1.18 [НЭР] … FALSE           FALSE       FALSE           TRUE       
16 q0118a   1.18 [НЭР] … FALSE           FALSE       FALSE           FALSE      
17 q0306    3.06 [НЭР] … FALSE           TRUE        FALSE           TRUE       
18 q0306    3.06 Сүүлий… FALSE           FALSE       FALSE           FALSE      
19 q0307    3.07 [НЭР] … FALSE           TRUE        FALSE           FALSE      
20 q0307    3.07 [НЭР] … FALSE           FALSE       FALSE           TRUE       
21 q0308    3.08 [НЭР] … FALSE           TRUE        FALSE           FALSE      
22 q0308    3.08 [НЭР] … FALSE           FALSE       FALSE           TRUE       
23 q0102    1.02 Өрхийн… FALSE           TRUE        FALSE           FALSE      
24 q0102    1.02 Өрхийн… FALSE           FALSE       FALSE           TRUE       
25 q0103    1.03 Хүйс    FALSE           TRUE        FALSE           TRUE       
26 q0104    <NA>         NA              NA          NA              NA         
27 q0202    2.02 ХАРИУЛ… FALSE           TRUE        FALSE           FALSE      
28 q0202    2.02 ХАРИУЛ… FALSE           FALSE       FALSE           TRUE       
29 q0202    2.02 Энэ ги… FALSE           FALSE       FALSE           FALSE      
30 newaimag New code of… TRUE            FALSE       TRUE            FALSE      
31 aimag    <NA>         NA              NA          NA              NA         
32 newsoum  <NA>         NA              NA          NA              NA         
33 intmonth <NA>         NA              NA          NA              NA         
34 intyear  <NA>         NA              NA          NA              NA         
35 yymm     <NA>         NA              NA          NA              NA         
# ℹ 7 more variables: w2022_basicvars <lgl>, w2022_indiv <lgl>,
#   w2023_basicvars <lgl>, w2023_hhold <lgl>, w2023_indiv <lgl>,
#   w2024_basicvars <lgl>, w2024_indiv <lgl>
✔ Raw data saved: C:/tsogoo/Hicheel/erdem shinjilgeenii hural/ecnometric/shine/data/raw/hses_raw.rds
ℹ Нийт мөр: 414408
Total: 14.72 sec elapsed
✔ Гарц: C:/tsogoo/Hicheel/erdem shinjilgeenii hural/ecnometric/shine/data/raw/hses_raw.rds, C:/tsogoo/Hicheel/erdem shinjilgeenii hural/ecnometric/shine/output/logs/02_variable_inventory.csv, C:/tsogoo/Hicheel/erdem shinjilgeenii hural/ecnometric/shine/output/logs/02_key_var_presence.csv
ℹ Дараагийн алхам: R/03_harmonize.R
