- The project is out-of-sync -- use `renv::status()` for details.

── STEP 1: ЕБС сургуулийн тоо ────────────────────────────────────────────────────────────────────────────────────────────────────
Schools: 572 мөр (22 аймаг × 26 жил)
Жилийн хүрээ: 2000-2025

── STEP 2: ЕБС суралцагчийн тоо ──────────────────────────────────────────────────────────────────────────────────────────────────
Students: 572 мөр (22 аймаг × 26 жил)
Жилийн хүрээ: 2000-2025

── STEP 3: Малын тоо (Бүгд + бүх 5 төрөл) ────────────────────────────────────────────────────────────────────────────────────────
Livestock all-species: 7062 мөр (6 species × 22 аймаг × ~55 жил)
Жилийн хүрээ: 1970-2024

── STEP 4: Том малын зүй бус хорогдол (Бүгд + бүх 5 төрөл) ───────────────────────────────────────────────────────────────────────
Loss all-species: 4488 мөр
Жилийн хүрээ: 1991-2024

── STEP 5: ХҮИ суурь индекс (2020=100) ───────────────────────────────────────────────────────────────────────────────────────────
Warning message:
In read_cpi_xlsx(file.path(DATA_DIR, "ХЭРЭГЛЭЭНИЙ ҮНИЙН УЛСЫН СУУРЬ ИНДЕКС, бүлгээр, сараар.xlsx")) :
  NAs introduced by coercion
CPI monthly: 195 сар, хүрээ 2010-01 - 2026-03
CPI annual: 16 жил (2010-2025)

── STEP 6: school_density (DERIVED) ──────────────────────────────────────────────────────────────────────────────────────────────
school_density: 572 (aimag × year) cells
Statistics:
   Min. 1st Qu.  Median    Mean 3rd Qu.    Max. 
 0.6075  1.3265  1.6321  1.6104  1.8593  2.5225 

── STEP 7: dzud_panel (DERIVED) ──────────────────────────────────────────────────────────────────────────────────────────────────
dzud_panel: 748 мөр
loss_rate (% of livestock at start of year) statistics:
    Min.  1st Qu.   Median     Mean  3rd Qu.     Max.     NA's 
0.000000 0.009304 0.019375 0.042593 0.047126 0.472859       22 

Dzud-аар бүртгэгдсэн (any aimag, any year):
  >=5%  loss rate: 172 aimag-years
  >=10% loss rate: 70 aimag-years
  Top 10%        : 73 aimag-years

Топ жил (>=5% хорогдсон аймагийн тоо):
# A tibble: 10 × 3
    year n_aimags_dzud5 mean_loss_rate
   <int>          <int>          <dbl>
 1  2001             22         0.153 
 2  2010             20         0.204 
 3  1993             17         0.0625
 4  2024             14         0.133 
 5  2000             13         0.0828
 6  2023             11         0.0632
 7  2002              8         0.0894
 8  2003              8         0.0562
 9  1995              7         0.0337
10  2018              7         0.0375

── ЦЭВЭРЛЭЛТ ДУУСЛАА ─────────────────────────────────────────────────────────────────────────────────────────────────────────────

Гарц файлууд (data/auxiliary/):
  school_count_by_aimag.{csv,rds}
  student_count_by_aimag.{csv,rds}
  livestock_count_by_aimag.{csv,rds}
  livestock_loss_by_aimag.{csv,rds}
  cpi_monthly_2020base.{csv,rds}  (245 сар?)
  cpi_annual_2020base.{csv,rds}
  school_density_by_aimag.{csv,rds}
  dzud_panel.{csv,rds}


