==========================================================
04b_cpi_deflator.R лог   2026-04-26 05:43:03.226759 
==========================================================
CPI source: nso_pxweb_api
BASE_YEAR: 2020
Base year raw average: 99.99
cpi_annual rows: 9
cpi_monthly rows: 99
Wage panel: 43070 rows
Missing cpi_used: 0 (0.00%)

Wave × tier × CPI:
# A tibble: 8 × 6
   wave wage_method     n mean_cpi mean_nom mean_real
  <int> <chr>       <int>    <dbl>    <dbl>     <dbl>
1  2020 tier1       10891    100      4385.     4385.
2  2020 tier2          14     99.4    3963.     3979.
3  2021 tier1        6694    107.     4609.     4293.
4  2021 tier2           3    107.     3635.     3398.
5  2022 tier1       15117    124.     5235.     4234.
6  2022 tier2          32    121.     3323.     2739.
7  2024 tier1       10311    146.     8406.     5769.
8  2024 tier2           8    146.     7333.     5040.

cpi_annual sample (2019-2024):
# A tibble: 6 × 2
   year   cpi
  <int> <dbl>
1  2019  96.4
2  2020 100  
3  2021 107. 
4  2022 124. 
5  2023 136. 
6  2024 146. 
