- The project is out-of-sync -- use `renv::status()` for details.

── 04b_cpi_deflator.R — two CPI series + real hourly wage ──────────────────────
ℹ Nominal wage panel: 43070 мөр
→ NSO PXWeb fetch attempt 1/3...
! Month label count (243) != value count (195); using min
✔ NSO PXWeb fetched: 99 monthly CPI rows (2018-2026 window)
✔ Rebased to 2020=100 (base avg raw=100); 
ℹ Annual range: [89.8, 167.5]; 

── Wave × tier: nominal vs real hourly wage ──

# A tibble: 8 × 6
   wave wage_method     n mean_cpi mean_nom mean_real
  <int> <chr>       <int>    <dbl>    <dbl>     <dbl>
1  2020 tier1       10891    100      4385.     4385.
2  2020 tier2          14     99.4    3963.     3979.
3  2021 tier1        6694    107.     4609.     4293.
4  2021 tier2           3    107.     3635.     3398.
5  2022 tier1       15117    124.     5235.     4234.
6  2022 tier2          32    121.     3323.     2739.
7  2024 tier1       10311    146.     8406.     5769.
8  2024 tier2           8    146.     7333.     5040.
ℹ Missing cpi_used rows: 0
Total: 0.62 sec elapsed
✔ Гарц: C:/tsogoo/Hicheel/erdem shinjilgeenii hural/ecnometric/shine/data/processed/wage_real.rds  (43070 мөр)
ℹ Дараагийн алхам: R/05_education_supply.R
