- The project is out-of-sync -- use `renv::status()` for details.

── 05_education_supply.R — school_access threshold variable ────────────────────
ℹ Wage panel: 43070 мөр; columns include birth_aimag, newaimag_proxy, birth_year
→ PXWeb fetch [DT_NSO_2001_002V1] attempt 1/3...
→ PXWeb fetch [DT_NSO_2001_004V1] attempt 1/3...
! Grid 754 != values 745 — using min
✔ Fetched schools: 745 rows; students: 754 rows
ℹ After mapping: schools 598, students 598
Warning message:
In inner_join(select(s_clean, hses_code, year, schools), select(n_clean,  :
  Detected an unexpected many-to-many relationship between `x` and `y`.
ℹ Row 547 of `x` matches multiple rows in `y`.
ℹ Row 547 of `y` matches multiple rows in `x`.
ℹ If a many-to-many relationship is expected, set `relationship =
  "many-to-many"` to silence this warning.
✔ ed_supply: 650 rows; year range [2000, 2025]
→ Computing q for home_aimag (q0114a/q0118a)...
Warning message:
In left_join(mutate(crossing(filter(transmute(panel, id, birth_year,  :
  Detected an unexpected many-to-many relationship between `x` and `y`.
ℹ Row 667 of `x` matches multiple rows in `y`.
ℹ Row 208 of `y` matches multiple rows in `x`.
ℹ If a many-to-many relationship is expected, set `relationship =
  "many-to-many"` to silence this warning.
→ Computing q for newaimag_proxy (current residence)...
Warning message:
In left_join(mutate(crossing(filter(transmute(panel, id, birth_year,  :
  Detected an unexpected many-to-many relationship between `x` and `y`.
ℹ Row 11193 of `x` matches multiple rows in `y`.
ℹ Row 260 of `y` matches multiple rows in `x`.
ℹ If a many-to-many relationship is expected, set `relationship =
  "many-to-many"` to silence this warning.

── school_access coverage in wage panel (43070 obs) ──

ℹ Home_aimag valid (q_home not NaN): 9849 (22.9%)
ℹ Newaimag valid (q_new not NaN):   23331 (54.2%)
# A tibble: 2 × 9
  label      n  mean    sd    p5   p25 median   p75   p95
  <chr>  <int> <dbl> <dbl> <dbl> <dbl>  <dbl> <dbl> <dbl>
1 q_home  9849 1546.  379.  898. 1273.  1524. 1869. 2130.
2 q_new  23331 1394.  408.  890. 1003.  1375. 1739. 2065.

── DECISION RULE ──

! N_home=9849 ∈ [5K, 10K) → **CHECKPOINT: ask user**. RESULTS_LOG.md-д бичээд STOP
Total: 1.62 sec elapsed
✔ Гарцууд: school_density_by_aimag.rds, school_access.rds, 05_aimag_coverage.log
ℹ Дараагийн алхам: R/06_iv_construction.R
