==========================================================
05c_geographic_iv.R лог   2026-04-26 20:25:26.490286 
==========================================================
MAIN home_aimag sample (with distance): 21009 rows

Aimag distances to UB (km):
# A tibble: 22 × 6
   aimag aimag_name              lat   lon distance_to_ub log_distance_to_ub
   <int> <chr>                 <dbl> <dbl>          <dbl>              <dbl>
 1    11 Улаанбаатар            47.9 107.             0                 0   
 2    41 Төв/Зуунмод            47.7 107.            23.7               3.17
 3    45 Дархан-Уул/Дархан      49.5 106.           189.                5.24
 4    42 Говьсүмбэр/Чойр        46.4 108.           205.                5.32
 5    61 Орхон/Эрдэнэт          49.0 104.           243.                5.49
 6    48 Дундговь/Мандалгов     45.8 106.           245.                5.50
 7    43 Сэлэнгэ/Сүхбаатар      50.2 106.           263.                5.57
 8    63 Булган/Булган          48.8 104.           269.                5.60
 9    23 Хэнтий/Чингис          47.3 111.           288.                5.66
10    62 Өвөрхангай/Арвайхээр   46.3 103.           363.                5.89
11    65 Архангай/Цэцэрлэг      47.5 101.           412.                6.02
12    44 Дорноговь/Сайншанд     44.9 110.           416.                6.03
13    22 Сүхбаатар/Баруун-Урт   46.7 113.           499.                6.21
14    64 Баянхонгор/Баянхонгор  46.2 101.           507.                6.23
15    46 Өмнөговь/Даланзадгад   43.6 104.           520.                6.25
16    67 Хөвсгөл/Мөрөн          49.6 100.           530.                6.27
17    21 Дорнод/Чойбалсан       48.1 115.           566.                6.34
18    81 Завхан/Улиастай        47.7  96.8          752.                6.62
19    82 Говь-Алтай/Алтай       46.4  96.3          823.                6.71
20    85 Увс/Улаангом           50.0  92.1         1107.                7.01
21    84 Ховд/Ховд              48.0  91.6         1136.                7.03
22    83 Баян-Өлгий/Өлгий       49.0  90.0         1253.                7.13

First-stage results:
# A tibble: 3 × 8
  spec                            N pi_dist se_2way t_stat p_value F_dist R2_adj
  <chr>                       <int>   <dbl>   <dbl>  <dbl>   <dbl>  <dbl>  <dbl>
1 1) distance only, wave FE   21009 -2.1e-4 0.00011  -2.03  0.0422   4.13 0.0644
2 2) distance + region FE + … 21009 -1.4e-4 0.00009  -1.58  0.114    2.49 0.0814
3 3) + location FE (Main B-s… 21009 -1.4e-4 0.00008  -1.69  0.0908   2.86 0.0873

Log-distance first-stage results:
# A tibble: 3 × 8
  spec                    N pi_log_dist se_2way t_stat p_value F_log_dist R2_adj
  <chr>               <int>       <dbl>   <dbl>  <dbl>   <dbl>      <dbl>  <dbl>
1 1) log distance on… 21009     -0.0776 0.0266   -2.92 0.00352       8.51 0.0694
2 2) log distance + … 21009     -0.0367 0.00981  -3.74 0.00018      14.0  0.0822
3 3) log distance + … 21009     -0.0369 0.00982  -3.75 0.00018      14.1  0.0881

Canonical F (Spec 2): 2.494 → 🔴 VERY WEAK (F < 5) → PIVOT to Option A
π̂_distance = -0.00014 → Card-style sign (хол → бага сурах) ✓

Birth-aimag panel sizes (home_aimag MAIN, sorted by distance):
# A tibble: 22 × 4
   birth_aimag distance_to_ub n_panel mean_educ
         <dbl>          <dbl>   <int>     <dbl>
 1          11            0      3279      13.2
 2          41           23.7     961      12.3
 3          45          189.      581      12.9
 4          42          205.      164      12.3
 5          61          243.      474      13.1
 6          48          245.      774      12.5
 7          43          263.      730      12.7
 8          63          269.      749      12.8
 9          23          288.      844      12.2
10          62          363.     1041      12.2
11          65          412.      950      12.6
12          44          416.      836      12.2
13          22          499.      792      12.2
14          64          507.     1064      12.4
15          46          520.      795      12.4
16          67          530.      993      12.5
17          21          566.      867      12.0
18          81          752.     1066      13.1
19          82          823.      942      13.1
20          85         1107.     1061      12.9
21          84         1136.     1029      12.9
22          83         1253.     1017      12.9
