==========================================================
12_iv_robustness.R лог   2026-04-26 06:10:11.470603 
==========================================================

T3 IV robustness — alt cutoffs × samples (post-donut where relevant):
# A tibble: 9 × 8
  spec                        N treated_n   beta se_2way F_first p_first   DWH_p
  <chr>                   <int>     <int>  <dbl>   <dbl>   <dbl>   <dbl>   <dbl>
1 MAIN 25-60 / reform_ma…  8575       171  0.891   0.799  0.118    0.732  0.0731
2 MAIN 25-60 / reform_al…  8320       382 -8.21   99.1    0.0011   0.973  0.0842
3 MAIN 25-60 / reform_al…  8772        77  0.593   0.806  0.0561   0.813  0.429 
4 MAIN 25-60 / reform_fu…  9077       171 -7.20   24.2    0.0013   0.971  0.102 
5 ALT  22-60 / reform_ma…  9140       736  1.55    8.41   0.0260   0.872  0.137 
6 ALT  22-60 / reform_al…  9000      1062  0.527   0.721  0.220    0.639  0.175 
7 ALT  22-60 / reform_al…  9232       445 -0.433   0.629  0.427    0.513  0.0463
8 ALT  22-60 / reform_fu…  9849       736 -1.57    8.83   0.0155   0.901  0.212 
9 LIML/Fuller-1 placehol…    NA        NA NA      NA     NA       NA     NA     

First-stage F summary (sorted descending):
# A tibble: 8 × 6
  spec                         treated_n F_first p_first   beta se_2way
  <chr>                            <int>   <dbl>   <dbl>  <dbl>   <dbl>
1 ALT  22-60 / reform_alt_1999       445  0.427    0.513 -0.433   0.629
2 ALT  22-60 / reform_alt_1997      1062  0.220    0.639  0.527   0.721
3 MAIN 25-60 / reform_main           171  0.118    0.732  0.891   0.799
4 MAIN 25-60 / reform_alt_1999        77  0.0561   0.813  0.593   0.806
5 ALT  22-60 / reform_main           736  0.0260   0.872  1.55    8.41 
6 ALT  22-60 / reform_fuzzy          736  0.0155   0.901 -1.57    8.83 
7 MAIN 25-60 / reform_fuzzy          171  0.0013   0.971 -7.20   24.2  
8 MAIN 25-60 / reform_alt_1997       382  0.0011   0.973 -8.21   99.1  

Note: LIML / Fuller-1 explicit estimators ivreg-ийн шинэ хувилбарт байхгүй; хэрэв шаардлагатай бол AER::ivreg (deprecated) эсвэл gmm package ашиглах.
