- The project is out-of-sync -- use `renv::status()` for details.

── 12_iv_robustness.R — alt IV + LIML/Fuller-1 + alt_sample ────────────────────
There were 24 warnings (use warnings() to see them)

── T3 IV robustness — alt cutoffs × samples ──

# A tibble: 9 × 7
  spec                             N treated_n   beta se_2way F_first p_first
  <chr>                        <int>     <int>  <dbl>   <dbl>   <dbl>   <dbl>
1 MAIN 25-60 / reform_main      8575       171  0.891   0.799  0.118    0.732
2 MAIN 25-60 / reform_alt_1997  8320       382 -8.21   99.1    0.0011   0.973
3 MAIN 25-60 / reform_alt_1999  8772        77  0.593   0.806  0.0561   0.813
4 MAIN 25-60 / reform_fuzzy     9077       171 -7.20   24.2    0.0013   0.971
5 ALT  22-60 / reform_main      9140       736  1.55    8.41   0.0260   0.872
6 ALT  22-60 / reform_alt_1997  9000      1062  0.527   0.721  0.220    0.639
7 ALT  22-60 / reform_alt_1999  9232       445 -0.433   0.629  0.427    0.513
8 ALT  22-60 / reform_fuzzy     9849       736 -1.57    8.83   0.0155   0.901
9 LIML/Fuller-1 placeholder       NA        NA NA      NA     NA       NA    
── First-stage F summary (sorted descending) ──

# A tibble: 8 × 6
  spec                         treated_n F_first p_first   beta se_2way
  <chr>                            <int>   <dbl>   <dbl>  <dbl>   <dbl>
1 ALT  22-60 / reform_alt_1999       445  0.427    0.513 -0.433   0.629
2 ALT  22-60 / reform_alt_1997      1062  0.220    0.639  0.527   0.721
3 MAIN 25-60 / reform_main           171  0.118    0.732  0.891   0.799
4 MAIN 25-60 / reform_alt_1999        77  0.0561   0.813  0.593   0.806
5 ALT  22-60 / reform_main           736  0.0260   0.872  1.55    8.41 
6 ALT  22-60 / reform_fuzzy          736  0.0155   0.901 -1.57    8.83 
7 MAIN 25-60 / reform_fuzzy          171  0.0013   0.971 -7.20   24.2  
8 MAIN 25-60 / reform_alt_1997       382  0.0011   0.973 -8.21   99.1  
Total: 1.09 sec elapsed
✔ Гарц: T3_iv_robustness.csv
ℹ Долоо хоног 2 ажиллагаа дууссан. Checkpoint 2 RESULTS_LOG-д бичинэ.
