- The project is out-of-sync -- use `renv::status()` for details.

── STEP 1: Бүх wave-ийн бүх variable-ийг inventory хийх ──────────────────────────────────────────────────────────────────────────
  hses_2020 / 01_hhold: 01_hhold (11).dta
  hses_2020 / 02_indiv: 02_indiv (12).dta
  hses_2020 / basicvars: basicvars (11).dta
  hses_2021 / 01_hhold: 01_hhold (12).dta
  hses_2021 / 02_indiv: 02_indiv (13).dta
  hses_2021 / basicvars: basicvars (12).dta
  hses_2022 / 01_hhold: 01_hhold (13).dta
  hses_2022 / 02_indiv: 02_indiv (14).dta
  hses_2022 / basicvars: basicvars (13).dta
  hses_2024 / 01_hhold: 01_hhold.dta
  hses_2024 / 02_indiv: 02_indiv.dta
  hses_2024 / basicvars: basicvars.dta

Нийт мөр: 1186 (variable-wave-file бүгдээр)

── STEP 2: Variable level summary (wave coverage) ────────────────────────────────────────────────────────────────────────────────
Unique (var × file): 736
All-4-waves: 9, 3-waves: 156, 2-waves: 111, 1-wave: 460

Saved: data/auxiliary/hses_variable_inventory.csv (736 мөр)

── STEP 3: Variable categorization by label keywords ─────────────────────────────────────────────────────────────────────────────
Variable distribution by category:
# A tibble: 3 × 12
  file      economic health household labor other social weight childhood demographics education geography
  <chr>        <int>  <int>     <int> <int> <int>  <int>  <int>     <int>        <int>     <int>     <int>
1 01_hhold         1      5        78     1   247      2      1         0            0         0         0
2 02_indiv         1      4        10    16   310      2      0         3            9         6        21
3 basicvars        0      0         1     0     9      2      3         0            0         0         4

── INVENTORY COMPLETE — 13b/13c-д ашиглахад бэлэн ────────────────────────────────────────────────────────────────────────────────


