16c_ch_gmm_slope_qhome.R
Started: 2026-04-26 22:12:42.040334 

Matrix diagnostics:
# A tibble: 1 × 17
  gamma_hat     N N_low N_high rank_X rank_Z rank_ZtZ rank_XZ rank_XZWZX
      <dbl> <int> <int>  <int>  <int>  <int>    <int>   <int>      <int>
1      1.04  3188   793   2395      7      7        7       7          7
# ℹ 8 more variables: condition_number_ZtZ <dbl>,
#   condition_number_S_robust <dbl>, condition_number_S_cluster <dbl>,
#   condition_number_XZ_W_ZX <dbl>, S_cluster_invertible <lgl>,
#   S_robust_invertible <lgl>, near_singular_warning <lgl>, warning_note <chr>

Final GMM results:
# A tibble: 2 × 13
  gamma_hat term      estimate      se t_stat  p_value     N N_low N_high
      <dbl> <chr>        <dbl>   <dbl>  <dbl>    <dbl> <int> <int>  <int>
1      1.04 educ_low    0.120  0.00530  22.7  2.85e-16  3188   793   2395
2      1.04 educ_high   0.0909 0.0150    6.07 5.00e- 6  3188   793   2395
# ℹ 4 more variables: weighting_matrix_used <chr>, inference_reference <chr>,
#   beta_difference_high_minus_low <dbl>, warning_note <chr>

Wald test:
# A tibble: 1 × 11
  gamma_hat test      beta_difference_high…¹ se_difference t_stat wald_statistic
      <dbl> <chr>                      <dbl>         <dbl>  <dbl>          <dbl>
1      1.04 beta_low…                -0.0296        0.0155  -1.91           3.63
# ℹ abbreviated name: ¹​beta_difference_high_minus_low
# ℹ 5 more variables: p_value <dbl>, df1 <dbl>, df2 <dbl>,
#   inference_reference <chr>, weighting_matrix_used <chr>

Comparison:
# A tibble: 1 × 7
  gamma_hat beta_low_2sls beta_high_2sls beta_low_GMM beta_high_GMM
      <dbl>         <dbl>          <dbl>        <dbl>         <dbl>
1      1.04         0.120         0.0909        0.120        0.0909
# ℹ 2 more variables: beta_diff_GMM_high_minus_low <dbl>,
#   inference_method <chr>

Decision: Proceed to Stage 16D bootstrap inference. 

Completed: 2026-04-26 22:12:42.80223 
