19a_prepare_logdist_threshold_sample.R
Started: 2026-04-26 23:54:24.855637 

Diagnostics:
# A tibble: 1 × 26
      N n_birth_aimag_clusters n_birth_cohort_groups n_waves
  <int>                  <int>                 <int>   <int>
1  3188                     22                     4       4
# ℹ 22 more variables: log_distance_to_ub_unique_values <int>,
#   distance_to_ub_unique_values <int>,
#   corr_log_distance_to_ub_educ_years <dbl>,
#   corr_log_distance_to_ub_parent_educ_mean <dbl>,
#   corr_log_distance_to_ub_lwage <dbl>, deterministic_by_birth_aimag <lgl>,
#   log_distance_to_ub_role <chr>, source_note <chr>,
#   log_distance_to_ub_min <dbl>, log_distance_to_ub_p10 <dbl>, …

Birth aimag table:
# A tibble: 22 × 8
   birth_aimag     N distance_to_ub log_distance_to_ub n_unique_log_distance_t…¹
   <fct>       <int>          <dbl>              <dbl>                     <int>
 1 11            813            0                 0                            1
 2 41            112           23.7               3.17                         1
 3 45            116          189.                5.24                         1
 4 42             15          205.                5.32                         1
 5 61             88          243.                5.49                         1
 6 48             65          245.                5.50                         1
 7 43             85          263.                5.57                         1
 8 63             71          269.                5.60                         1
 9 23             78          288.                5.66                         1
10 62            161          363.                5.89                         1
11 65            150          412.                6.02                         1
12 44             95          416.                6.03                         1
13 22             80          499.                6.21                         1
14 64            157          507.                6.23                         1
15 46             62          520.                6.25                         1
16 67            128          530.                6.27                         1
17 21            138          566.                6.34                         1
18 81            143          752.                6.62                         1
19 82            125          823.                6.71                         1
20 85            114         1107.                7.01                         1
21 84            154         1136.                7.03                         1
22 83            238         1253.                7.13                         1
# ℹ abbreviated name: ¹​n_unique_log_distance_to_ub
# ℹ 3 more variables: mean_lwage <dbl>, mean_educ_years <dbl>,
#   mean_parent_educ_mean <dbl>

Decision: Safe to proceed to Stage 19B log_distance_to_ub threshold preparation/estimation. 

Saved: C:/tsogoo/Hicheel/erdem shinjilgeenii hural/ecnometric/shine/data/processed/ivtr_ready_parent_educ_mean_logdist.rds 

Completed: 2026-04-26 23:54:25.200051 
