19d_logdist_ch_gmm_slope.R
Started: 2026-04-27 00:17:13.866741 

Matrix diagnostics:
# A tibble: 1 × 18
  gamma_hat distance_cutoff_km     N N_low N_high rank_X rank_Z rank_ZtZ rank_XZ
      <dbl>              <dbl> <int> <int>  <int>  <int>  <int>    <int>   <int>
1      6.23               507.  3188  2086   1102      7      7        7       7
# ℹ 9 more variables: rank_XZ_W_ZX <int>, condition_number_ZtZ <dbl>,
#   condition_number_S_robust <dbl>, condition_number_S_cluster <dbl>,
#   condition_number_XZ_W_ZX <dbl>, S_cluster_invertible <lgl>,
#   S_robust_invertible <lgl>, near_singular_warning <lgl>, warning_note <chr>

Final GMM results:
# A tibble: 2 × 14
  gamma_hat distance_cutoff_km term      estimate      se t_stat  p_value     N
      <dbl>              <dbl> <chr>        <dbl>   <dbl>  <dbl>    <dbl> <int>
1      6.23               507. educ_low    0.110  0.00737  14.9  1.18e-12  3188
2      6.23               507. educ_high   0.0795 0.0315    2.52 1.98e- 2  3188
# ℹ 6 more variables: N_low <int>, N_high <int>, weighting_matrix_used <chr>,
#   inference_reference <chr>, beta_difference_high_minus_low <dbl>,
#   warning_note <chr>

Wald test:
# A tibble: 1 × 12
  gamma_hat distance_cutoff_km test  beta_difference_high…¹ se_difference t_stat
      <dbl>              <dbl> <chr>                  <dbl>         <dbl>  <dbl>
1      6.23               507. beta…                -0.0306        0.0320 -0.955
# ℹ abbreviated name: ¹​beta_difference_high_minus_low
# ℹ 6 more variables: wald_statistic <dbl>, p_value <dbl>, df1 <dbl>,
#   df2 <dbl>, inference_reference <chr>, weighting_matrix_used <chr>

Comparison:
# A tibble: 1 × 8
  gamma_hat distance_cutoff_km beta_low_2sls beta_high_2sls beta_low_GMM
      <dbl>              <dbl>         <dbl>          <dbl>        <dbl>
1      6.23               507.         0.110         0.0795        0.110
# ℹ 3 more variables: beta_high_GMM <dbl>, beta_diff_GMM_high_minus_low <dbl>,
#   inference_method <chr>

Decision: Proceed to Stage 19E bootstrap inference. 

Completed: 2026-04-27 00:17:14.498026 
