23_student_teacher17_ch_full_pipeline.R
Started: 2026-04-27 05:32:02.315888 

Bootstrap replications: 399 
Observed gamma: 25.46875 
Observed beta diff: 0.0412179 

Bootstrap draw 25 of 399 
Bootstrap draw 50 of 399 
Bootstrap draw 75 of 399 
Bootstrap draw 100 of 399 
Bootstrap draw 125 of 399 
Bootstrap draw 150 of 399 
Bootstrap draw 175 of 399 
Bootstrap draw 200 of 399 
Bootstrap draw 225 of 399 
Bootstrap draw 250 of 399 
Bootstrap draw 275 of 399 
Bootstrap draw 300 of 399 
Bootstrap draw 325 of 399 
Bootstrap draw 350 of 399 
Bootstrap draw 375 of 399 
Stage 23A sample diagnostics:
# A tibble: 1 × 25
      N n_birth_aimag_clusters n_birth_cohort_groups n_waves age_min age_max
  <int>                  <int>                 <int>   <int>   <dbl>   <dbl>
1  1032                     22                     4       4      25      41
# ℹ 19 more variables: birth_year_min <dbl>, birth_year_max <dbl>,
#   year_at_17_min <dbl>, year_at_17_max <dbl>,
#   student_teacher_ratio_at_17_min <dbl>,
#   student_teacher_ratio_at_17_p10 <dbl>,
#   student_teacher_ratio_at_17_p25 <dbl>,
#   student_teacher_ratio_at_17_p50 <dbl>,
#   student_teacher_ratio_at_17_p75 <dbl>, …

Baseline results:
# A tibble: 2 × 6
  model                        N term           estimate      se      p_value
  <chr>                    <int> <chr>             <dbl>   <dbl>        <dbl>
1 OLS baseline              1032 educ_years       0.0549 0.00657 0.0000000408
2 2SLS parent_educ_mean IV  1032 fit_educ_years   0.109  0.0157  0.000000694 

First stage:
# A tibble: 1 × 9
  model        N t_stat first_stage_F weak_iv_flag_F_lt_10 term  estimate     se
  <chr>    <int>  <dbl>         <dbl> <lgl>                <chr>    <dbl>  <dbl>
1 first s…  1032   9.41          88.5 FALSE                pare…    0.379 0.0403
# ℹ 1 more variable: p_value <dbl>

Stage 23B matrix diagnostics:
# A tibble: 1 × 16
  gamma_example     N N_low N_high ncol_X_gamma ncol_Z_gamma rank_X_gamma
          <dbl> <int> <int>  <int>        <int>        <int>        <int>
1          21.0  1032   520    512            7            7            7
# ℹ 9 more variables: rank_Z_gamma <int>, ZtZ_rank <int>, ZtZ_invertible <lgl>,
#   XPZX_rank <int>, XPZX_invertible <lgl>, XPZX_condition_number <dbl>,
#   full_rank_X <lgl>, full_rank_Z <lgl>, safe_for_grid <lgl>

Stage 23C gamma_hat:
# A tibble: 1 × 20
  threshold_variable         gamma_hat threshold_interpreta…¹     N N_low N_high
  <chr>                          <dbl> <chr>                  <int> <int>  <int>
1 student_teacher_ratio_at_…      25.5 students per teacher …  1032   855    177
# ℹ abbreviated name: ¹​threshold_interpretation
# ℹ 14 more variables: beta_low_2sls <dbl>, beta_high_2sls <dbl>,
#   min_SSR_2SLS <dbl>, rank_X <int>, rank_Z <int>, rank_XPZX <int>,
#   condition_number_XPZX <dbl>, warning_flag <lgl>, warning_note <chr>,
#   n_candidates <int>, n_valid_grid_points <int>, n_skipped_or_invalid <int>,
#   n_warning_flagged <int>, safe_for_gmm <lgl>

Stage 23D GMM final results:
# A tibble: 2 × 14
  threshold_variable  gamma_hat term  estimate     se t_stat p_value     N N_low
  <chr>                   <dbl> <chr>    <dbl>  <dbl>  <dbl>   <dbl> <int> <int>
1 student_teacher_ra…      25.5 educ…   0.0970 0.0192   5.06 5.23e-5  1032   855
2 student_teacher_ra…      25.5 educ…   0.138  0.0296   4.66 1.33e-4  1032   855
# ℹ 5 more variables: N_high <int>, weighting_matrix_used <chr>,
#   inference_reference <chr>, beta_difference_high_minus_low <dbl>,
#   warning_note <chr>

Stage 23D Wald test:
# A tibble: 1 × 11
  gamma_hat test      beta_difference_high…¹ se_difference t_stat wald_statistic
      <dbl> <chr>                      <dbl>         <dbl>  <dbl>          <dbl>
1      25.5 beta_low…                 0.0412        0.0384   1.07           1.15
# ℹ abbreviated name: ¹​beta_difference_high_minus_low
# ℹ 5 more variables: p_value <dbl>, df1 <dbl>, df2 <dbl>,
#   inference_reference <chr>, weighting_matrix_used <chr>

Stage 23E bootstrap inference:
# A tibble: 1 × 22
  B_requested n_success n_failed n_warning n_clusters gamma_observed gamma_q025
        <int>     <int>    <int>     <int>      <int>          <dbl>      <dbl>
1         399       399        0         0         22           25.5       17.4
# ℹ 15 more variables: gamma_q05 <dbl>, gamma_q50 <dbl>, gamma_q95 <dbl>,
#   gamma_q975 <dbl>, beta_low_observed <dbl>, beta_low_q025 <dbl>,
#   beta_low_q975 <dbl>, beta_high_observed <dbl>, beta_high_q025 <dbl>,
#   beta_high_q975 <dbl>, beta_diff_observed <dbl>, beta_diff_q025 <dbl>,
#   beta_diff_q975 <dbl>, beta_diff_ci_contains_zero <lgl>,
#   bootstrap_p_value <dbl>

Conclusion: Bootstrap inference does not strongly support student-teacher-ratio threshold heterogeneity in education returns at the 5% level. 

Completed: 2026-04-27 05:35:57.521767 
