24_student_teacher_avg_16_18_ch_full_pipeline.R
Started: 2026-04-27 09:37:06.073554 

Bootstrap replications: 1999 
Observed gamma: 19.61182 
Observed beta diff: 0.02240618 

Bootstrap draw 25 of 1999 
Bootstrap draw 50 of 1999 
Bootstrap draw 75 of 1999 
Bootstrap draw 100 of 1999 
Bootstrap draw 125 of 1999 
Bootstrap draw 150 of 1999 
Bootstrap draw 175 of 1999 
Bootstrap draw 200 of 1999 
Bootstrap draw 225 of 1999 
Bootstrap draw 250 of 1999 
Bootstrap draw 275 of 1999 
Bootstrap draw 300 of 1999 
Bootstrap draw 325 of 1999 
Bootstrap draw 350 of 1999 
Bootstrap draw 375 of 1999 
Bootstrap draw 400 of 1999 
Bootstrap draw 425 of 1999 
Bootstrap draw 450 of 1999 
Bootstrap draw 475 of 1999 
Bootstrap draw 500 of 1999 
Bootstrap draw 525 of 1999 
Bootstrap draw 550 of 1999 
Bootstrap draw 575 of 1999 
Bootstrap draw 600 of 1999 
Bootstrap draw 625 of 1999 
Bootstrap draw 650 of 1999 
Bootstrap draw 675 of 1999 
Bootstrap draw 700 of 1999 
Bootstrap draw 725 of 1999 
Bootstrap draw 750 of 1999 
Bootstrap draw 775 of 1999 
Bootstrap draw 800 of 1999 
Bootstrap draw 825 of 1999 
Bootstrap draw 850 of 1999 
Bootstrap draw 875 of 1999 
Bootstrap draw 900 of 1999 
Bootstrap draw 925 of 1999 
Bootstrap draw 950 of 1999 
Bootstrap draw 975 of 1999 
Bootstrap draw 1000 of 1999 
Bootstrap draw 1025 of 1999 
Bootstrap draw 1050 of 1999 
Bootstrap draw 1075 of 1999 
Bootstrap draw 1100 of 1999 
Bootstrap draw 1125 of 1999 
Bootstrap draw 1150 of 1999 
Bootstrap draw 1175 of 1999 
Bootstrap draw 1200 of 1999 
Bootstrap draw 1225 of 1999 
Bootstrap draw 1250 of 1999 
Bootstrap draw 1275 of 1999 
Bootstrap draw 1300 of 1999 
Bootstrap draw 1325 of 1999 
Bootstrap draw 1350 of 1999 
Bootstrap draw 1375 of 1999 
Bootstrap draw 1400 of 1999 
Bootstrap draw 1425 of 1999 
Bootstrap draw 1450 of 1999 
Bootstrap draw 1475 of 1999 
Bootstrap draw 1500 of 1999 
Bootstrap draw 1525 of 1999 
Bootstrap draw 1550 of 1999 
Bootstrap draw 1575 of 1999 
Bootstrap draw 1600 of 1999 
Bootstrap draw 1625 of 1999 
Bootstrap draw 1650 of 1999 
Bootstrap draw 1675 of 1999 
Bootstrap draw 1700 of 1999 
Bootstrap draw 1725 of 1999 
Bootstrap draw 1750 of 1999 
Bootstrap draw 1775 of 1999 
Bootstrap draw 1800 of 1999 
Bootstrap draw 1825 of 1999 
Bootstrap draw 1850 of 1999 
Bootstrap draw 1875 of 1999 
Bootstrap draw 1900 of 1999 
Bootstrap draw 1925 of 1999 
Bootstrap draw 1950 of 1999 
Bootstrap draw 1975 of 1999 
Stage 24A sample diagnostics:
# A tibble: 1 × 25
      N n_birth_aimag_clusters n_birth_cohort_groups n_waves age_min age_max
  <int>                  <int>                 <int>   <int>   <dbl>   <dbl>
1  3113                     22                     4       4      25      40
# ℹ 19 more variables: birth_year_min <dbl>, birth_year_max <dbl>,
#   year_at_16_18_min <dbl>, year_at_16_18_max <dbl>,
#   student_teacher_ratio_avg_16_18_min <dbl>,
#   student_teacher_ratio_avg_16_18_p10 <dbl>,
#   student_teacher_ratio_avg_16_18_p25 <dbl>,
#   student_teacher_ratio_avg_16_18_p50 <dbl>,
#   student_teacher_ratio_avg_16_18_p75 <dbl>, …

Baseline results:
# A tibble: 2 × 6
  model                        N term           estimate      se  p_value
  <chr>                    <int> <chr>             <dbl>   <dbl>    <dbl>
1 OLS baseline              3113 educ_years       0.0468 0.00331 3.39e-12
2 2SLS parent_educ_mean IV  3113 fit_educ_years   0.106  0.0110  3.65e- 9

First stage:
# A tibble: 1 × 9
  model        N t_stat first_stage_F weak_iv_flag_F_lt_10 term  estimate     se
  <chr>    <int>  <dbl>         <dbl> <lgl>                <chr>    <dbl>  <dbl>
1 first s…  3113   20.7          427. FALSE                pare…    0.356 0.0172
# ℹ 1 more variable: p_value <dbl>

Stage 24B matrix diagnostics:
# A tibble: 1 × 16
  gamma_example     N N_low N_high ncol_X_gamma ncol_Z_gamma rank_X_gamma
          <dbl> <int> <int>  <int>        <int>        <int>        <int>
1          20.7  3113  1558   1555            7            7            7
# ℹ 9 more variables: rank_Z_gamma <int>, ZtZ_rank <int>, ZtZ_invertible <lgl>,
#   XPZX_rank <int>, XPZX_invertible <lgl>, XPZX_condition_number <dbl>,
#   full_rank_X <lgl>, full_rank_Z <lgl>, safe_for_grid <lgl>

Stage 24C gamma_hat:
# A tibble: 1 × 20
  threshold_variable         gamma_hat threshold_interpreta…¹     N N_low N_high
  <chr>                          <dbl> <chr>                  <int> <int>  <int>
1 student_teacher_ratio_avg…      19.6 students per teacher …  3113  1007   2106
# ℹ abbreviated name: ¹​threshold_interpretation
# ℹ 14 more variables: beta_low_2sls <dbl>, beta_high_2sls <dbl>,
#   min_SSR_2SLS <dbl>, rank_X <int>, rank_Z <int>, rank_XPZX <int>,
#   condition_number_XPZX <dbl>, warning_flag <lgl>, warning_note <chr>,
#   n_candidates <int>, n_valid_grid_points <int>, n_skipped_or_invalid <int>,
#   n_warning_flagged <int>, safe_for_gmm <lgl>

Stage 24D GMM final results:
# A tibble: 2 × 14
  threshold_variable      gamma_hat term  estimate      se t_stat  p_value     N
  <chr>                       <dbl> <chr>    <dbl>   <dbl>  <dbl>    <dbl> <int>
1 student_teacher_ratio_…      19.6 educ…   0.0874 0.0215    4.06 5.59e- 4  3113
2 student_teacher_ratio_…      19.6 educ…   0.110  0.00921  11.9  8.26e-11  3113
# ℹ 6 more variables: N_low <int>, N_high <int>, weighting_matrix_used <chr>,
#   inference_reference <chr>, beta_difference_high_minus_low <dbl>,
#   warning_note <chr>

Stage 24D Wald test:
# A tibble: 1 × 11
  gamma_hat test      beta_difference_high…¹ se_difference t_stat wald_statistic
      <dbl> <chr>                      <dbl>         <dbl>  <dbl>          <dbl>
1      19.6 beta_low…                 0.0224        0.0203   1.10           1.21
# ℹ abbreviated name: ¹​beta_difference_high_minus_low
# ℹ 5 more variables: p_value <dbl>, df1 <dbl>, df2 <dbl>,
#   inference_reference <chr>, weighting_matrix_used <chr>

Stage 24E bootstrap inference:
# A tibble: 1 × 22
  B_requested n_success n_failed n_warning n_clusters gamma_observed gamma_q025
        <int>     <int>    <int>     <int>      <int>          <dbl>      <dbl>
1        1999      1999        0         1         22           19.6       17.5
# ℹ 15 more variables: gamma_q05 <dbl>, gamma_q50 <dbl>, gamma_q95 <dbl>,
#   gamma_q975 <dbl>, beta_low_observed <dbl>, beta_low_q025 <dbl>,
#   beta_low_q975 <dbl>, beta_high_observed <dbl>, beta_high_q025 <dbl>,
#   beta_high_q975 <dbl>, beta_diff_observed <dbl>, beta_diff_q025 <dbl>,
#   beta_diff_q975 <dbl>, beta_diff_ci_contains_zero <lgl>,
#   bootstrap_p_value <dbl>

Conclusion: Bootstrap inference does not strongly support student-teacher-ratio threshold heterogeneity in education returns at the 5% level. 

Completed: 2026-04-27 10:18:46.744969 
