25_mics_nuts_inventory_for_hses_project.R
Started: 2026-04-27 10:21:44.353822 

File summary:
# A tibble: 18 × 3
   survey_folder file_name             n_variables
   <chr>         <chr>                       <int>
 1 НҮТС-2013     Child.sav                     350
 2 НҮТС-2013     Household list.sav             71
 3 НҮТС-2013     Household.sav                 167
 4 НҮТС-2013     Men.sav                       237
 5 НҮТС-2013     Women.sav                     574
 6 НҮТС-2018     1. Household.sav              208
 7 НҮТС-2018     2. Household List.sav          67
 8 НҮТС-2018     3. Men.sav                    242
 9 НҮТС-2018     4. Women.sav                  448
10 НҮТС-2018     7. Child under 5.sav          441
11 НҮТС-2018     8. Child age 5-17.sav         275
12 НҮТС-2018     Cluster mn.sav                  8
13 НҮТС-2023     ch - MN.sav                   388
14 НҮТС-2023     fs - MN.sav                   385
15 НҮТС-2023     ftu - MN.sav                   45
16 НҮТС-2023     hh - MN.sav                   212
17 НҮТС-2023     hl - MN.sav                    70
18 НҮТС-2023     wm - MN.sav                   446

Family summary:
# A tibble: 22 × 3
   survey_folder family                      n_variables
   <chr>         <chr>                             <int>
 1 НҮТС-2013     other                               777
 2 НҮТС-2013     parents_family                      227
 3 НҮТС-2013     wealth_assets_housing               205
 4 НҮТС-2013     demographics_geo_weights            113
 5 НҮТС-2013     education_schooling                  32
 6 НҮТС-2013     work_child_labour                    27
 7 НҮТС-2013     health_disability_nutrition          18
 8 НҮТС-2018     parents_family                      576
 9 НҮТС-2018     other                               564
10 НҮТС-2018     wealth_assets_housing               289
11 НҮТС-2018     demographics_geo_weights            182
12 НҮТС-2018     education_schooling                  61
13 НҮТС-2018     health_disability_nutrition          10
14 НҮТС-2018     work_child_labour                     7
15 НҮТС-2023     other                               619
16 НҮТС-2023     parents_family                      443
17 НҮТС-2023     wealth_assets_housing               271
18 НҮТС-2023     demographics_geo_weights            147
19 НҮТС-2023     education_schooling                  34
20 НҮТС-2023     health_disability_nutrition          14
21 НҮТС-2023     work_child_labour                    13
22 НҮТС-2023     income_consumption                    5

Candidate variables sample:
# A tibble: 50 × 8
   source_file       survey_folder file_name variable_name variable_label family
   <chr>             <chr>         <chr>     <chr>         <chr>          <chr> 
 1 C:/tsogoo/Hichee… НҮТС-2013     Househol… HH13          "Cluster: int… demog…
 2 C:/tsogoo/Hichee… НҮТС-2013     Househol… HH13B         "Cluster: int… demog…
 3 C:/tsogoo/Hichee… НҮТС-2013     Househol… HH15          "Cluster: int… demog…
 4 C:/tsogoo/Hichee… НҮТС-2013     Child.sav HH7           "Region"       demog…
 5 C:/tsogoo/Hichee… НҮТС-2013     Househol… HH7           "Region"       demog…
 6 C:/tsogoo/Hichee… НҮТС-2013     Househol… HH7           "Region"       demog…
 7 C:/tsogoo/Hichee… НҮТС-2013     Men.sav   HH7           "Region"       demog…
 8 C:/tsogoo/Hichee… НҮТС-2013     Women.sav HH7           "Region"       demog…
 9 C:/tsogoo/Hichee… НҮТС-2013     Child.sav WAM           "Weight for a… demog…
10 C:/tsogoo/Hichee… НҮТС-2013     Child.sav WAP           "Weight for a… demog…
11 C:/tsogoo/Hichee… НҮТС-2013     Child.sav WAZ           "Weight for a… demog…
12 C:/tsogoo/Hichee… НҮТС-2013     Child.sav WAZ2          "Weight for a… demog…
13 C:/tsogoo/Hichee… НҮТС-2013     Child.sav WAZFLAG       "Weight for a… demog…
14 C:/tsogoo/Hichee… НҮТС-2013     Child.sav WHM           "Weight for h… demog…
15 C:/tsogoo/Hichee… НҮТС-2013     Child.sav WHP           "Weight for h… demog…
16 C:/tsogoo/Hichee… НҮТС-2013     Child.sav WHZ           "Weight for h… demog…
17 C:/tsogoo/Hichee… НҮТС-2013     Child.sav WHZ2          "Weight for h… demog…
18 C:/tsogoo/Hichee… НҮТС-2013     Child.sav WHZFLAG       "Weight for h… demog…
19 C:/tsogoo/Hichee… НҮТС-2013     Child.sav WHZNOAGE      "Weight for h… demog…
20 C:/tsogoo/Hichee… НҮТС-2013     Child.sav chweight      "Children und… demog…
21 C:/tsogoo/Hichee… НҮТС-2013     Househol… hhweight      "Household sa… demog…
22 C:/tsogoo/Hichee… НҮТС-2013     Househol… hhweight      "Household sa… demog…
23 C:/tsogoo/Hichee… НҮТС-2013     Men.sav   mnweight      "Men's sample… demog…
24 C:/tsogoo/Hichee… НҮТС-2013     Women.sav wmweight      "Women's samp… demog…
25 C:/tsogoo/Hichee… НҮТС-2013     Househol… felevel       "Father`s edu… educa…
26 C:/tsogoo/Hichee… НҮТС-2013     Househol… helevel       "Education of… educa…
27 C:/tsogoo/Hichee… НҮТС-2013     Househol… helevel       "Education of… educa…
28 C:/tsogoo/Hichee… НҮТС-2013     Househol… melevel       "Mother`s edu… educa…
29 C:/tsogoo/Hichee… НҮТС-2013     Men.sav   mwelevel      "Education"    educa…
30 C:/tsogoo/Hichee… НҮТС-2013     Househol… schage        "Age at begin… educa…
31 C:/tsogoo/Hichee… НҮТС-2013     Women.sav welevel       "Education"    educa…
32 C:/tsogoo/Hichee… НҮТС-2013     Child.sav melevel       "Mother`s/ ca… wealt…
33 C:/tsogoo/Hichee… НҮТС-2013     Child.sav windex5       "Initial (com… wealt…
34 C:/tsogoo/Hichee… НҮТС-2013     Househol… windex5       "Initial (com… wealt…
35 C:/tsogoo/Hichee… НҮТС-2013     Househol… windex5       "Initial (com… wealt…
36 C:/tsogoo/Hichee… НҮТС-2013     Men.sav   windex5       "Initial (com… wealt…
37 C:/tsogoo/Hichee… НҮТС-2013     Women.sav windex5       "Wealth index… wealt…
38 C:/tsogoo/Hichee… НҮТС-2018     Cluster … AimagCityCode ""             demog…
39 C:/tsogoo/Hichee… НҮТС-2018     7. Child… chweight      "5 хүртэлх на… demog…
40 C:/tsogoo/Hichee… НҮТС-2018     7. Child… chweight_prov "5 хүртэлх на… demog…
41 C:/tsogoo/Hichee… НҮТС-2018     8. Child… fshweight     "Children 5-1… demog…
42 C:/tsogoo/Hichee… НҮТС-2018     8. Child… fshweight_pr… "Children 5-1… demog…
43 C:/tsogoo/Hichee… НҮТС-2018     8. Child… fsweight      "Children 5-1… demog…
44 C:/tsogoo/Hichee… НҮТС-2018     8. Child… fsweight_prov "Children 5-1… demog…
45 C:/tsogoo/Hichee… НҮТС-2018     3. Men.s… mnweight      "15-49 насны … demog…
46 C:/tsogoo/Hichee… НҮТС-2018     3. Men.s… mnweight_prov "15-49 насны … demog…
47 C:/tsogoo/Hichee… НҮТС-2018     4. Women… wmweight      "15-49 насны … demog…
48 C:/tsogoo/Hichee… НҮТС-2018     4. Women… wmweight_prov "15-49 насны … demog…
49 C:/tsogoo/Hichee… НҮТС-2018     1. House… hhweight      "Өрхийн түүвр… wealt…
50 C:/tsogoo/Hichee… НҮТС-2018     2. House… hhweight      "Өрхийн түүвр… wealt…
# ℹ 2 more variables: possible_use <chr>, recommended_role <chr>

Completed: 2026-04-27 10:21:46.201073 
