27_student_teacher_avg_16_17_ch_parallel_bootstrap.R
Started: 2026-04-27 10:32:38.566865 

Bootstrap replications: 399 
Observed gamma: 19.72993 
Observed beta diff: 0.02384763 

Bootstrap parallel cores: 8 of 16 available logical cores
Stage 27A sample diagnostics:
# A tibble: 1 × 25
      N n_birth_aimag_clusters n_birth_cohort_groups n_waves age_min age_max
  <int>                  <int>                 <int>   <int>   <dbl>   <dbl>
1  3113                     22                     4       4      25      40
# ℹ 19 more variables: birth_year_min <dbl>, birth_year_max <dbl>,
#   year_at_16_17_min <dbl>, year_at_16_17_max <dbl>,
#   student_teacher_ratio_avg_16_17_min <dbl>,
#   student_teacher_ratio_avg_16_17_p10 <dbl>,
#   student_teacher_ratio_avg_16_17_p25 <dbl>,
#   student_teacher_ratio_avg_16_17_p50 <dbl>,
#   student_teacher_ratio_avg_16_17_p75 <dbl>, …

Baseline results:
# A tibble: 2 × 6
  model                        N term           estimate      se  p_value
  <chr>                    <int> <chr>             <dbl>   <dbl>    <dbl>
1 OLS baseline              3113 educ_years       0.0468 0.00331 3.39e-12
2 2SLS parent_educ_mean IV  3113 fit_educ_years   0.106  0.0110  3.65e- 9

First stage:
# A tibble: 1 × 9
  model        N t_stat first_stage_F weak_iv_flag_F_lt_10 term  estimate     se
  <chr>    <int>  <dbl>         <dbl> <lgl>                <chr>    <dbl>  <dbl>
1 first s…  3113   20.7          427. FALSE                pare…    0.356 0.0172
# ℹ 1 more variable: p_value <dbl>

Stage 27B matrix diagnostics:
# A tibble: 1 × 16
  gamma_example     N N_low N_high ncol_X_gamma ncol_Z_gamma rank_X_gamma
          <dbl> <int> <int>  <int>        <int>        <int>        <int>
1          20.8  3113  1560   1553            7            7            7
# ℹ 9 more variables: rank_Z_gamma <int>, ZtZ_rank <int>, ZtZ_invertible <lgl>,
#   XPZX_rank <int>, XPZX_invertible <lgl>, XPZX_condition_number <dbl>,
#   full_rank_X <lgl>, full_rank_Z <lgl>, safe_for_grid <lgl>

Stage 27C gamma_hat:
# A tibble: 1 × 20
  threshold_variable         gamma_hat threshold_interpreta…¹     N N_low N_high
  <chr>                          <dbl> <chr>                  <int> <int>  <int>
1 student_teacher_ratio_avg…      19.7 students per teacher …  3113  1017   2096
# ℹ abbreviated name: ¹​threshold_interpretation
# ℹ 14 more variables: beta_low_2sls <dbl>, beta_high_2sls <dbl>,
#   min_SSR_2SLS <dbl>, rank_X <int>, rank_Z <int>, rank_XPZX <int>,
#   condition_number_XPZX <dbl>, warning_flag <lgl>, warning_note <chr>,
#   n_candidates <int>, n_valid_grid_points <int>, n_skipped_or_invalid <int>,
#   n_warning_flagged <int>, safe_for_gmm <lgl>

Stage 27D GMM final results:
# A tibble: 2 × 14
  threshold_variable      gamma_hat term  estimate      se t_stat  p_value     N
  <chr>                       <dbl> <chr>    <dbl>   <dbl>  <dbl>    <dbl> <int>
1 student_teacher_ratio_…      19.7 educ…   0.0868 0.0197    4.40 2.52e- 4  3113
2 student_teacher_ratio_…      19.7 educ…   0.111  0.00962  11.5  1.60e-10  3113
# ℹ 6 more variables: N_low <int>, N_high <int>, weighting_matrix_used <chr>,
#   inference_reference <chr>, beta_difference_high_minus_low <dbl>,
#   warning_note <chr>

Stage 27D Wald test:
# A tibble: 1 × 11
  gamma_hat test      beta_difference_high…¹ se_difference t_stat wald_statistic
      <dbl> <chr>                      <dbl>         <dbl>  <dbl>          <dbl>
1      19.7 beta_low…                 0.0238        0.0190   1.26           1.58
# ℹ abbreviated name: ¹​beta_difference_high_minus_low
# ℹ 5 more variables: p_value <dbl>, df1 <dbl>, df2 <dbl>,
#   inference_reference <chr>, weighting_matrix_used <chr>

Stage 27E bootstrap inference:
# A tibble: 1 × 22
  B_requested n_success n_failed n_warning n_clusters gamma_observed gamma_q025
        <int>     <int>    <int>     <int>      <int>          <dbl>      <dbl>
1         399       399        0         0         22           19.7       17.9
# ℹ 15 more variables: gamma_q05 <dbl>, gamma_q50 <dbl>, gamma_q95 <dbl>,
#   gamma_q975 <dbl>, beta_low_observed <dbl>, beta_low_q025 <dbl>,
#   beta_low_q975 <dbl>, beta_high_observed <dbl>, beta_high_q025 <dbl>,
#   beta_high_q975 <dbl>, beta_diff_observed <dbl>, beta_diff_q025 <dbl>,
#   beta_diff_q975 <dbl>, beta_diff_ci_contains_zero <lgl>,
#   bootstrap_p_value <dbl>

Conclusion: Bootstrap inference does not strongly support student-teacher-ratio threshold heterogeneity in education returns at the 5% level. 

Completed: 2026-04-27 10:33:55.033041 
