- The project is out-of-sync -- use `renv::status()` for details.
=================================================================
6-17 WINDOW — PROPER cluster-robust K-P F (ivf1)
=================================================================


--- Sample: partial (N=9077) ---
IV              | V1 (region+wave)            | V2 (birth_aimag+cohort+wave)
                | F      π̂      β_IV   SE     | F      π̂      β_IV   SE
---------------------------------------------------------------------------------------------------- 
cum_loss_rate   | F= 2.11  π̂=NA  β=+0.566  SE=0.069 | F= 2.25  π̂=NA  β=-0.158  SE=0.121
log_cum_loss    | F= 2.56  π̂=NA  β=+0.531  SE=0.051 | F= 1.92  π̂=NA  β=-0.183  SE=0.134
max_loss_rate   | F= 7.05  π̂=NA  β=+0.272  SE=0.023 | F= 0.09  π̂=NA  β=-0.680  SE=0.118
cnt5            | F=12.47  π̂=NA  β=+0.207  SE=0.055 | F= 3.11  π̂=NA  β=-0.142  SE=0.153
cnt10           | F= 3.52  π̂=NA  β=-0.097  SE=0.116 | F= 1.75  π̂=NA  β=+0.109  SE=0.055
cntp75          | F= 6.54  π̂=NA  β=+0.274  SE=0.067 | F= 1.69  π̂=NA  β=-0.095  SE=0.103
intensity       | F=12.47  π̂=NA  β=+0.207  SE=0.055 | F= 3.11  π̂=NA  β=-0.142  SE=0.153

--- Sample: full (N=7145) ---
IV              | V1 (region+wave)            | V2 (birth_aimag+cohort+wave)
                | F      π̂      β_IV   SE     | F      π̂      β_IV   SE
---------------------------------------------------------------------------------------------------- 
cum_loss_rate   | F= 0.60  π̂=NA  β=+0.920  SE=0.126 | F= 1.30  π̂=NA  β=-0.086  SE=0.169
log_cum_loss    | F= 0.81  π̂=NA  β=+0.832  SE=0.075 | F= 1.24  π̂=NA  β=-0.105  SE=0.193
max_loss_rate   | F= 2.19  π̂=NA  β=+0.363  SE=0.025 | F= 1.05  π̂=NA  β=-0.047  SE=0.102
cnt5            | F= 2.79  π̂=NA  β=+0.306  SE=0.046 | F= 1.58  π̂=NA  β=-0.002  SE=0.075
cnt10           | F= 4.24  π̂=NA  β=-0.102  SE=0.077 | F= 1.74  π̂=NA  β=+0.192  SE=0.026
cntp75          | F= 5.11  π̂=NA  β=+0.292  SE=0.057 | F= 0.26  π̂=NA  β=-0.052  SE=0.357
intensity       | F= 2.79  π̂=NA  β=+0.306  SE=0.046 | F= 1.58  π̂=NA  β=-0.002  SE=0.075
There were 50 or more warnings (use warnings() to see the first 50)

=================================================================
ИНТЕРПРЕТАЦИ
=================================================================
F = Kleibergen-Paap rk Wald F (cluster-robust ~aimag+wave)
Stock-Yogo 5%% critical (1 endog, 1 IV): F >= 16.38 strong, [10,16.38] OK, <10 weak
