- The project is out-of-sync -- use `renv::status()` for details.
================================================================
VERIFY 1: Data quality — well-known dzud years (1999-2002, 2009-2010)
================================================================

Loss rates for famous dzud years:
# A tibble: 131 × 5
    year hses_code  loss livestock_lag  loss_rate
   <int>     <dbl> <dbl>         <dbl>      <dbl>
 1  1999        81 103.         2604.   0.0395   
 2  1999        61   4.6         132.   0.0348   
 3  1999        85   1.9        1940.   0.000979 
 4  1999        48   2.1        2697.   0.000779 
 5  1999        44   0.5         768.   0.000651 
 6  1999        83   0.2        1346    0.000149 
 7  1999        65   0.2        1504    0.000133 
 8  1999        84   0.1        1796.   0.0000557
 9  1999        82   0.1        2113.   0.0000473
10  1999        21   0          2310.   0        
11  1999        22   0          3429.   0        
12  1999        23   0           424.   0        
13  1999        41   0          1654.   0        
14  1999        42   0            93.8  0        
15  1999        43   0           349    0        
16  1999        45   0          2295.   0        
17  1999        46   0          3548.   0        
18  1999        62   0          2022.   0        
19  1999        63   0          1021.   0        
20  1999        64   0          1674.   0        
21  1999        67   0          1788.   0        
22  2000        81 435          2432    0.179    
23  2000        61   1.4         164.   0.00854  
24  2000        48   3          1339.   0.00224  
25  2000        84   0.6        1868.   0.000321 
26  2000        83   0.2        1362.   0.000147 
27  2000        82   0.3        2113.   0.000142 
28  2000        23   0.1        1316.   0.0000760
29  2000        85   0.1        1890.   0.0000529
30  2000        21   0           992.   0        
31  2000        22   0          1001.   0        
32  2000        41   0          1688.   0        
33  2000        42   0           100    0        
34  2000        43   0           352.   0        
35  2000        44   0           804.   0        
36  2000        45   0             4.3  0        
37  2000        46   0           918.   0        
38  2000        62   0          2046    0        
39  2000        63   0          1066.   0        
40  2000        64   0          1762.   0        
41  2000        65   0          1496.   0        
42  2000        67   0          1748.   0        
43  2000        11   0            NA   NA        
44  2001        81 585.         1941.   0.301    
45  2001        61   1.9         168.   0.0113   
46  2001        11   0.1          32    0.00312  
47  2001        48   1.7        1187.   0.00143  
48  2001        85   1.7        1579.   0.00108  
49  2001        82   1.2        2035.   0.000590 
50  2001        65   0.8        1495.   0.000535 
# ℹ 81 more rows

--- Mean loss_rate by year (top 20 years) ---
Warning message:
There was 1 warning in `summarise()`.
ℹ In argument: `max_lr = max(loss_rate, na.rm = TRUE)`.
ℹ In group 1: `year = 1971`.
Caused by warning in `max()`:
! no non-missing arguments to max; returning -Inf 
# A tibble: 55 × 4
    year mean_lr max_lr n_above_5
   <int>   <dbl>  <dbl>     <int>
 1  1978 0.0277  0.56           1
 2  2010 0.0170  0.358          1
 3  2001 0.0145  0.301          1
 4  1982 0.0126  0.187          1
 5  1985 0.0111  0.188          1
 6  1981 0.0107  0.148          2
 7  1980 0.00956 0.164          1
 8  2000 0.00907 0.179          1
 9  1984 0.00866 0.114          2
10  1992 0.00813 0.122          1
11  1987 0.00808 0.15           1
12  1979 0.00739 0.123          1
13  1993 0.00693 0.115          1
14  1983 0.00660 0.0781         2
15  1977 0.00529 0.100          1
16  1995 0.00521 0.0559         1
17  1994 0.00451 0.0662         1
18  2018 0.00444 0.0503         1
19  2002 0.00439 0.0609         1
20  2009 0.00437 0.0673         1
# ℹ 35 more rows

================================================================
VERIFY 2: Aimag-level aggregation correctness
================================================================

Loss panel: 1181 cells (22 aimags × 55 years = expected 1210)
Aimags: 22, Years: 1971-2025

Livestock count by aimag for 2000 (sanity check):
# A tibble: 22 × 4
   hses_code livestock  loss loss_rate
       <dbl>     <dbl> <dbl>     <dbl>
 1        62     2106    0   0        
 2        82     2035.   0.3 0.000142 
 3        81     1941. 435   0.179    
 4        84     1836.   0.6 0.000321 
 5        64     1714.   0   0        
 6        67     1680.   0   0        
 7        41     1620.   0   0        
 8        85     1579.   0.1 0.0000529
 9        65     1495.   0   0        
10        23     1331    0.1 0.0000760
# ℹ 12 more rows

================================================================
VERIFY 3: F-stat WITHOUT region FE (test if FE killing variation)
================================================================

Spec: educ_years ~ dzud_top10_6_17 + controls

--- A1: NO FE, NO cluster ---
                  Estimate  Std. Error t value    Pr(>|t|)
dzud_top10_6_17 0.02500136 0.008695855 2.87509 0.004049205

--- A2: Wave FE only ---
Warning message:
The VCOV matrix is not positive definite and was 'fixed' (see ?vcov). 
F = 6.947, p = 0.0779
                  Estimate  Std. Error  t value   Pr(>|t|)
dzud_top10_6_17 0.02477174 0.009398754 2.635641 0.07794679

--- A3: Region + wave FE (current spec) ---
Warning message:
The VCOV matrix is not positive definite and was 'fixed' (see ?vcov). 
F = 8.559, p = 0.0612
                  Estimate  Std. Error  t value   Pr(>|t|)
dzud_top10_6_17 0.02074479 0.007090961 2.925526 0.06122171

--- A4: birth_aimag + wave FE (within-aimag identification) ---
Warning message:
The VCOV matrix is not positive definite and was 'fixed' (see ?vcov). 
F = 0.075, p = 0.8025
                  Estimate Std. Error   t value  Pr(>|t|)
dzud_top10_6_17 0.01257771 0.04606137 0.2730641 0.8025225

--- A5: birth_year + birth_aimag FE (cohort-aimag DiD) ---
Warning message:
The VCOV matrix is not positive definite and was 'fixed' (see ?vcov). 
F = 0.001, p = 0.9811
                    Estimate Std. Error    t value  Pr(>|t|)
dzud_top10_6_17 0.0009469559 0.03680611 0.02572822 0.9810898

================================================================
VERIFY 4: Rural birth — check if individual-level rural exists
================================================================

Variables in main containing 'urban' or 'rural':
[1] "urban"      "location"   "location_f"

location distribution:

   1    2    3    4 
4137 2742 1301  286 

urban distribution:

   1    2 
6879 1587 

================================================================
VERIFY 5: Birth-soum availability (potential improvement)
================================================================

Variables containing 'birth':
[1] "birth_aimag" "birth_soum"  "birth_year" 

birth_soum non-NA: 18988/43070 (44.1%)
Unique birth_soum values: 363

================================================================
VERIFY 6: Compare to mother_educ F (sanity benchmark)
================================================================

mother_educ_level sample N: 966
Warning message:
The VCOV matrix is not positive definite and was 'fixed' (see ?vcov). 
First stage (mother_educ benchmark):
                   Estimate Std. Error  t value    Pr(>|t|)
mother_educ_level 0.5115606 0.04723809 10.82941 0.001684547
F = 117.28

================================================================
ALL VERIFY COMPLETE
================================================================
