- The project is out-of-sync -- use `renv::status()` for details.
=================================================================
CSV-ийн эх үүсвэрийг баталгаажуулах
=================================================================

Локал CSV: 748 мөр × 9 багана
Жилийн хүрээ: 1991-2024
Аймаг (hses_code): 22

Татах URL: https://data.1212.mn/api/v1/mn/NSO/Regional%20development/Livestock/DT_NSO_1001_136V1.px

HTTP status: 200
Хүснэгтийн нэр (NSO API-аас): ТОМ МАЛЫН ЗҮЙ БУС ХОРОГДОЛ, малын төрөл, аймаг, нийслэл, жилээр by Малын төрөл, Бүс and Он

NSO API хариу: 748 (aimag, year) cell

=================================================================
ХАРЬЦУУЛАЛТ: Локал CSV vs NSO API ШУУД татсан
=================================================================

Нийт харьцуулсан cell: 748
Утга яг ИЖИЛ (diff = 0): 748
Утга ӨӨР: 0
Хамгийн их diff: 0.000000

Random sample of 10 cells (харьцуулалт):
# A tibble: 10 × 5
   hses_code  year loss_local loss_nso  diff
       <dbl> <dbl>      <dbl>    <dbl> <dbl>
 1        21  1992       44.5     44.5     0
 2        64  1992       23.7     23.7     0
 3        44  1994       33.4     33.4     0
 4        83  1994       12.7     12.7     0
 5        44  2005       31.4     31.4     0
 6        43  2006        2.5      2.5     0
 7        67  2008       33       33       0
 8        64  2014       45.7     45.7     0
 9        42  2024      145.     145.      0
10        62  2024      115.     115.      0

2010 он (зууны зуд) — БҮХ 22 АЙМАГ:
# A tibble: 22 × 5
    year name       loss_local loss_nso  diff
   <dbl> <chr>           <dbl>    <dbl> <dbl>
 1  2010 Өвөрхангай      1664.    1664.     0
 2  2010 Архангай        1084.    1084.     0
 3  2010 Завхан          1011     1011      0
 4  2010 Дундговь         878.     878.     0
 5  2010 Говь-Алтай       738.     738.     0
 6  2010 Хөвсгөл          699.     699.     0
 7  2010 Увс              666.     666.     0
 8  2010 Баянхонгор       634.     634.     0
 9  2010 Өмнөговь         619.     619.     0
10  2010 Төв              561.     561.     0
# ℹ 12 more rows
