==========================================================
01_setup.R лог   2026-04-26 04:34:12.215218 
==========================================================
Эхэлсэн : 2026-04-26 04:34:06.536434
Дуусcан : 2026-04-26 04:34:12.215218
Элапс   : 5.7 сек

--- PATHS ---
  root         C:/tsogoo/Hicheel/erdem shinjilgeenii hural/ecnometric/shine
  data_root    C:/tsogoo/Hicheel/erdem shinjilgeenii hural/ecnometric/shine/data
  data_raw     C:/tsogoo/Hicheel/erdem shinjilgeenii hural/ecnometric/shine/data/raw
  data_proc    C:/tsogoo/Hicheel/erdem shinjilgeenii hural/ecnometric/shine/data/processed
  data_aux     C:/tsogoo/Hicheel/erdem shinjilgeenii hural/ecnometric/shine/data/aux
  hses_2020    C:/tsogoo/Hicheel/erdem shinjilgeenii hural/ecnometric/shine/data/hses_2020
  hses_2021    C:/tsogoo/Hicheel/erdem shinjilgeenii hural/ecnometric/shine/data/hses_2021
  hses_2022    C:/tsogoo/Hicheel/erdem shinjilgeenii hural/ecnometric/shine/data/hses_2022
  hses_2023    C:/tsogoo/Hicheel/erdem shinjilgeenii hural/ecnometric/shine/data/hses_2023
  hses_2024    C:/tsogoo/Hicheel/erdem shinjilgeenii hural/ecnometric/shine/data/hses_2024
  out_root     C:/tsogoo/Hicheel/erdem shinjilgeenii hural/ecnometric/shine/output
  out_tables   C:/tsogoo/Hicheel/erdem shinjilgeenii hural/ecnometric/shine/output/tables
  out_figures  C:/tsogoo/Hicheel/erdem shinjilgeenii hural/ecnometric/shine/output/figures
  out_logs     C:/tsogoo/Hicheel/erdem shinjilgeenii hural/ecnometric/shine/output/logs
  paper        C:/tsogoo/Hicheel/erdem shinjilgeenii hural/ecnometric/shine/paper
  R_scripts    C:/tsogoo/Hicheel/erdem shinjilgeenii hural/ecnometric/shine/R

--- Loaded packages ---
  AER                1.2.16
  boot               1.3.31
  broom              1.0.12
  car                3.1.5
  cli                3.6.5
  data.table         1.18.2.1
  fixest             0.14.0
  fs                 2.1.0
  ggplot2            4.0.3
  glue               1.8.1
  haven              2.5.5
  ivreg              0.6.7
  janitor            2.2.1
  labelled           2.16.0
  lmtest             0.9.40
  modelsummary       2.6.0
  NSO1212            1.4.0
  parallel           4.4.3
  sampleSelection    1.2.14
  sandwich           3.1.1
  tictoc             1.2.1
  tidyverse          2.0.0

--- sessionInfo() ---
R version 4.4.3 (2025-02-28 ucrt)
Platform: x86_64-w64-mingw32/x64
Running under: Windows 11 x64 (build 26100)

Matrix products: default


locale:
[1] LC_COLLATE=English_United States.utf8 
[2] LC_CTYPE=English_United States.utf8   
[3] LC_MONETARY=English_United States.utf8
[4] LC_NUMERIC=C                          
[5] LC_TIME=English_United States.utf8    

time zone: Asia/Shanghai
tzcode source: internal

attached base packages:
[1] parallel  stats     graphics  grDevices datasets  utils     methods  
[8] base     

other attached packages:
 [1] NSO1212_1.4.0          tictoc_1.2.1           cli_3.6.5             
 [4] modelsummary_2.6.0     broom_1.0.12           sampleSelection_1.2-14
 [7] maxLik_1.5-2.2         miscTools_0.6-30       boot_1.3-31           
[10] AER_1.2-16             survival_3.8-3         sandwich_3.1-1        
[13] lmtest_0.9-40          zoo_1.8-15             car_3.1-5             
[16] carData_3.0-6          ivreg_0.6-7            fixest_0.14.0         
[19] glue_1.8.1             fs_2.1.0               labelled_2.16.0       
[22] janitor_2.2.1          data.table_1.18.2.1    haven_2.5.5           
[25] lubridate_1.9.5        forcats_1.0.1          stringr_1.6.0         
[28] dplyr_1.2.1            purrr_1.2.2            readr_2.2.0           
[31] tidyr_1.3.2            tibble_3.3.1           ggplot2_4.0.3         
[34] tidyverse_2.0.0       

loaded via a namespace (and not attached):
 [1] gtable_0.3.6        xfun_0.57           remotes_2.5.0      
 [4] lattice_0.22-6      tzdb_0.5.0          numDeriv_2016.8-1.1
 [7] vctrs_0.7.3         tools_4.4.3         generics_0.1.4     
[10] stats4_4.4.3        curl_7.1.0          pkgconfig_2.0.3    
[13] Matrix_1.7-2        RColorBrewer_1.1-3  S7_0.2.2           
[16] stringmagic_1.2.0   lifecycle_1.0.5     compiler_4.4.3     
[19] farver_2.1.2        systemfit_1.1-30    snakecase_0.11.1   
[22] htmltools_0.5.9     Formula_1.2-5       pillar_1.11.1      
[25] MASS_7.3-64         abind_1.4-8         nlme_3.1-167       
[28] tidyselect_1.2.1    digest_0.6.39       mvtnorm_1.3-7      
[31] stringi_1.8.7       splines_4.4.3       fastmap_1.2.0      
[34] rprojroot_2.1.1     grid_4.4.3          here_1.0.2         
[37] magrittr_2.0.5      withr_3.0.2         dreamerr_1.5.0     
[40] backports_1.5.1     scales_1.4.0        timechange_0.4.0   
[43] httr_1.4.8          hms_1.1.4           evaluate_1.0.5     
[46] VGAM_1.1-14         knitr_1.51          rlang_1.2.0        
[49] Rcpp_1.1.1          renv_1.1.8          jsonlite_2.0.0     
[52] R6_2.6.1            tables_0.9.33      
